// Jest Snapshot v1, https://goo.gl/fbAQLP

exports[`should render IngredientListHeader correctly 1`] = `
<div>
  <h3 />
</div>
`;
