// Jest Snapshot v1, https://goo.gl/fbAQLP

exports[`should render PantryPage correctly 1`] = `
<div>
  Pantry page content
</div>
`;
